// Jest Snapshot v1, https://goo.gl/fbAQLP

exports[`RecruiterForm renders correctly 1`] = `
<div>
  <form
    action="#"
    class="mt-8"
    role="form"
  >
    <div
      class="glass-light dark:glass-dark mb-6 rounded-xl px-8 py-6 drop-shadow-lg"
    >
      <label
        class="mb-2 mt-6 flex flex-col font-bold"
        for="firstName"
      >
        First Name
        <input
          class="my-2 rounded-md px-4 py-2 ring-1 dark:bg-transparent ring-grey-400 dark:ring-slate-500"
          id="firstName"
          name="firstName"
          placeholder="John"
          type="text"
          value=""
        />
        <div
          class="font-sm font-normal text-red-600"
        />
      </label>
      <label
        class="mb-2 mt-6 flex flex-col font-bold"
        for="firstName"
      >
        Last Name
        <input
          class="my-2 rounded-md px-4 py-2 ring-1 dark:bg-transparent ring-grey-400 dark:ring-slate-500"
          id="lastName"
          name="lastName"
          placeholder="Doe"
          type="text"
          value=""
        />
        <div
          class="font-sm font-normal text-red-600"
        />
      </label>
      <label
        class="mb-2 mt-6 flex flex-col font-bold"
        for="firstName"
      >
        Company
        <input
          class="my-2 rounded-md px-4 py-2 ring-1 dark:bg-transparent ring-grey-400 dark:ring-slate-500"
          id="company"
          name="company"
          type="text"
          value=""
        />
        <div
          class="font-sm font-normal text-red-600"
        />
      </label>
      <label
        class="mb-2 mt-6 flex flex-col font-bold"
        for="firstName"
      >
        Email Address
        <input
          class="my-2 rounded-md px-4 py-2 ring-1 dark:bg-transparent ring-grey-400 dark:ring-slate-500"
          id="email"
          name="email"
          placeholder="johndoe@gmail.com"
          type="email"
          value=""
        />
        <div
          class="font-sm font-normal text-red-600"
        />
      </label>
      <label
        class="mb-2 mt-6 flex flex-col font-bold"
        for="type"
      >
        Who are you?
        <select
          class="my-2 rounded-md px-4 py-2 ring-1 dark:bg-transparent ring-grey-400 dark:ring-slate-500"
          id="type"
          name="type"
        >
          <option
            value="none"
          >
            Please select
          </option>
          <option
            value="I am an in-house recruiter"
          >
            I am an in-house recruiter
          </option>
          <option
            value="I work for a recruitment firm"
          >
            I work for a recruitment firm
          </option>
          <option
            value="I am an independent recruiter"
          >
            I am an independent recruiter
          </option>
          <option
            value="None of the above"
          >
            None of the above
          </option>
        </select>
        <div
          class="font-sm font-normal text-red-600"
        />
      </label>
      <div
        class="mt-6"
      >
        <button
          class="rounded-md bg-blue-700 hover:bg-blue-600 active:bg-blue-800 px-3.5 py-2.5 text-sm font-semibold text-white shadow-sm focus-visible:outline focus-visible:outline-2 focus-visible:outline-offset-2 focus-visible:outline-blue-600 transition-all group"
          type="submit"
        >
          Sign up
        </button>
      </div>
    </div>
  </form>
</div>
`;
